
> opinion-system-frontend@0.2.0 build
> vite build

[36mvite v5.4.20 [32mbuilding for production...[36m[39m
transforming...
[baseline-browser-mapping] The data in this module is over two months old.  To ensure accurate Baseline data, please update: `npm i baseline-browser-mapping@latest -D`
[32m鉁?[39m 37 modules transformed.
x Build failed in 1.99s
error during build:
[vite:vue] [vue/compiler-sfc] Identifier 'restoreDefaultDropRulePrompt' has already been declared. (182:6)

F:/opinion-system/frontend/src/views/analysis/topic/TopicBertopicRun.vue
798|  }
799|  
800|  const restoreDefaultDropRulePrompt = () => {
   |        ^
801|    bertopicPromptState.dropRulePrompt = String(
802|      bertopicPromptState.defaultDropRulePrompt || ''
file: F:/opinion-system/frontend/src/views/analysis/topic/TopicBertopicRun.vue:182:6
    at constructor (F:\opinion-system\frontend\node_modules\@babel\parser\lib\index.js:367:19)
    at Parser.raise (F:\opinion-system\frontend\node_modules\@babel\parser\lib\index.js:6630:19)
    at ScopeHandler.checkRedeclarationInScope (F:\opinion-system\frontend\node_modules\@babel\parser\lib\index.js:1647:19)
    at ScopeHandler.declareName (F:\opinion-system\frontend\node_modules\@babel\parser\lib\index.js:1613:12)
    at Parser.declareNameFromIdentifier (F:\opinion-system\frontend\node_modules\@babel\parser\lib\index.js:7594:16)
    at Parser.checkIdentifier (F:\opinion-system\frontend\node_modules\@babel\parser\lib\index.js:7590:12)
    at Parser.checkLVal (F:\opinion-system\frontend\node_modules\@babel\parser\lib\index.js:7529:12)
    at Parser.parseVarId (F:\opinion-system\frontend\node_modules\@babel\parser\lib\index.js:13421:10)
    at Parser.parseVar (F:\opinion-system\frontend\node_modules\@babel\parser\lib\index.js:13392:12)
    at Parser.parseVarStatement (F:\opinion-system\frontend\node_modules\@babel\parser\lib\index.js:13239:10)
